The Meson build system
Version: 1.10.1
Source dir: /home/xgui4/develop/hello-world-gtk/pkg/src/hello-world-gtk
Build dir: /home/xgui4/develop/hello-world-gtk/pkg/src/hello-world-gtk/build
Build type: native build
Project name: hello-world-gtk
Project version: 0.0.1~proto
C compiler for the host machine: cc (gcc 15.2.1 "cc (GCC) 15.2.1 20260103")
C linker for the host machine: cc ld.bfd 2.45.1
Host machine cpu family: x86_64
Host machine cpu: x86_64
Found pkg-config: YES (/usr/bin/pkg-config) 2.5.1
Run-time dependency gtk4 found: YES 4.20.3
Run-time dependency json-glib-1.0 found: YES 1.10.8
WARNING: You should add the boolean check kwarg to the run_command call.
         It currently defaults to false,
         but it will default to true in meson 2.0.
         See also: https://github.com/mesonbuild/meson/issues/9300
Build-time dependency gio-2.0 found: YES 2.86.3
Program /usr/bin/glib-compile-resources found: YES (/usr/bin/glib-compile-resources)
Build targets in project: 3

Found ninja-1.13.2 at /usr/bin/ninja
Generating targets:   0%|          | 0/3 eta ?                                              Writing build.ninja:   0%|          | 0/45 eta ?                                                ninja: Entering directory `/home/xgui4/develop/hello-world-gtk/pkg/src/hello-world-gtk/build'
[1/15] Generating myresources_h with a custom command
[2/15] Generating myresources_c with a custom command
[3/15] Compiling C object hello-world-gtk.p/src_config.c.o
[4/15] Compiling C object hello-world-gtk.p/src_locale.c.o
[5/15] Compiling C object hello-world-gtk.p/meson-generated_.._myresources.c.o
myresources.c:3431:3: warning: string length ‘54748’ is greater than the length ‘4095’ ISO C99 compilers are required to support [-Woverlength-strings]
 3431 |   "\054\040\012\175\000\000\050\165\165\141\171\051" };
      |   ^~~~~~~~~~~~~~~~~~~~~~~~~~~~~~~~~~~~~~~~~~~~~~~~~~
[6/15] Compiling C object hello-world-gtk.p/src_app_data.c.o
[7/15] Compiling C object hello-world-gtk.p/src_widgets_alert_dialog.c.o
[8/15] Compiling C object hello-world-gtk.p/src_window_init.c.o
[9/15] Compiling C object hello-world-gtk.p/src_window_callback.c.o
../src/window_callback.c: In function ‘go_to_github’:
../src/window_callback.c:23:30: warning: unused parameter ‘button’ [-Wunused-parameter]
   23 | void go_to_github(GtkButton *button, gpointer app_data) {
      |                   ~~~~~~~~~~~^~~~~~
../src/window_callback.c:23:47: warning: unused parameter ‘app_data’ [-Wunused-parameter]
   23 | void go_to_github(GtkButton *button, gpointer app_data) {
      |                                      ~~~~~~~~~^~~~~~~~
../src/window_callback.c: In function ‘save’:
../src/window_callback.c:57:22: warning: unused parameter ‘button’ [-Wunused-parameter]
   57 | void save(GtkButton* button, gpointer data) {
      |           ~~~~~~~~~~~^~~~~~
[10/15] Compiling C object hello-world-gtk.p/src_window.c.o
[11/15] Compiling C object hello-world-gtk.p/src_main.c.o
[12/15] Compiling C object hello-world-gtk.p/src_cli.c.o
FAILED: [code=1] hello-world-gtk.p/src_cli.c.o 
cc -Ihello-world-gtk.p -I. -I.. -I/usr/include/gtk-4.0 -I/usr/include/pango-1.0 -I/usr/include/fribidi -I/usr/include/harfbuzz -I/usr/include/gdk-pixbuf-2.0 -I/usr/include/glycin-2 -I/usr/include/cairo -I/usr/include/freetype2 -I/usr/include/libpng16 -I/usr/include/pixman-1 -I/usr/include/graphene-1.0 -I/usr/lib/graphene-1.0/include -I/usr/include/glib-2.0 -I/usr/lib/glib-2.0/include -I/usr/include/libmount -I/usr/include/blkid -I/usr/include/sysprof-6 -I/usr/include/json-glib-1.0 -fdiagnostics-color=always -D_FILE_OFFSET_BITS=64 -Wall -Winvalid-pch -Wextra -Wpedantic -O0 -g -march=x86-64 -mtune=generic -O2 -pipe -fno-plt -fexceptions -Wp,-D_FORTIFY_SOURCE=3 -Wformat -Werror=format-security -fstack-clash-protection -fcf-protection -fno-omit-frame-pointer -mno-omit-leaf-frame-pointer -flto=auto -pthread -mfpmath=sse -msse -msse2 -MD -MQ hello-world-gtk.p/src_cli.c.o -MF hello-world-gtk.p/src_cli.c.o.d -o hello-world-gtk.p/src_cli.c.o -c ../src/cli.c
../src/cli.c: In function ‘display_result’:
../src/cli.c:13:9: error: format not a string literal and no format arguments [-Werror=format-security]
   13 |         g_print(about);
      |         ^~~~~~~
cc1: some warnings being treated as errors
[13/15] Compiling C object hello-world-gtk.p/src_widgets_button.c.o
[14/15] Compiling C object hello-world-gtk.p/src_utils.c.o
../src/utils.c: In function ‘get_string_from_local’:
../src/utils.c:92:36: warning: unused parameter ‘locale’ [-Wunused-parameter]
   92 | char *get_string_from_local(Locale locale, char *key)
      |                             ~~~~~~~^~~~~~
../src/utils.c:92:50: warning: unused parameter ‘key’ [-Wunused-parameter]
   92 | char *get_string_from_local(Locale locale, char *key)
      |                                            ~~~~~~^~~
ninja: build stopped: subcommand failed.
INFO: autodetecting backend as ninja
INFO: calculating backend command to run: /usr/bin/ninja -C /home/xgui4/develop/hello-world-gtk/pkg/src/hello-world-gtk/build
[1m[31m==> ERROR:(B[m[1m A failure occurred in build().(B[m
[1m    Aborting...(B[m
